[0.010s][info][gc] Using Parallel
[11.989s][info][gc] GC(0) Pause Young (Allocation Failure) 55M->36M(245M) 124.636ms
[26.014s][info][gc] GC(1) Pause Young (Allocation Failure) 98M->79M(245M) 145.523ms
[42.635s][info][gc] GC(2) Pause Young (Allocation Failure) 179M->155M(245M) 185.350ms
[43.509s][info][gc] GC(3) Pause Full (Ergonomics) 155M->139M(245M) 873.760ms
[59.533s][info][gc] GC(4) Pause Full (Ergonomics) 178M->177M(245M) 984.107ms
[62.317s][info][gc] GC(5) Pause Full (Ergonomics) 234M->199M(245M) 965.904ms
[65.692s][info][gc] GC(6) Pause Full (Ergonomics) 206M->206M(245M) 968.451ms
[66.846s][info][gc] GC(7) Pause Full (Ergonomics) 206M->206M(245M) 1104.826ms
[67.943s][info][gc] GC(8) Pause Full (Ergonomics) 206M->206M(245M) 1095.934ms
[68.966s][info][gc] GC(9) Pause Full (Ergonomics) 206M->206M(245M) 1023.059ms
[70.011s][info][gc] GC(10) Pause Full (Ergonomics) 206M->206M(245M) 1044.491ms
[71.111s][info][gc] GC(11) Pause Full (Ergonomics) 206M->206M(245M) 1099.049ms
[72.237s][info][gc] GC(12) Pause Full (Ergonomics) 206M->206M(245M) 1125.211ms
[73.347s][info][gc] GC(13) Pause Full (Ergonomics) 206M->206M(245M) 1109.648ms
[74.387s][info][gc] GC(14) Pause Full (Ergonomics) 206M->206M(245M) 1039.599ms
[75.311s][info][gc] GC(15) Pause Full (Ergonomics) 206M->206M(245M) 923.028ms
[76.345s][info][gc] GC(16) Pause Full (Ergonomics) 206M->206M(245M) 1033.615ms
[77.469s][info][gc] GC(17) Pause Full (Ergonomics) 206M->206M(245M) 1123.959ms
[78.565s][info][gc] GC(18) Pause Full (Ergonomics) 206M->206M(245M) 1095.114ms
[79.664s][info][gc] GC(19) Pause Full (Ergonomics) 206M->206M(245M) 1097.911ms
[80.747s][info][gc] GC(20) Pause Full (Ergonomics) 206M->206M(245M) 1075.850ms
[81.732s][info][gc] GC(21) Pause Full (Ergonomics) 206M->206M(245M) 985.277ms
[82.682s][info][gc] GC(22) Pause Full (Ergonomics) 206M->206M(245M) 948.537ms
[83.611s][info][gc] GC(23) Pause Full (Ergonomics) 206M->206M(245M) 928.692ms
[84.806s][info][gc] GC(24) Pause Full (Ergonomics) 206M->206M(245M) 1194.024ms
[86.038s][info][gc] GC(25) Pause Full (Ergonomics) 206M->206M(245M) 1231.763ms
[86.932s][info][gc] GC(26) Pause Full (Ergonomics) 206M->206M(245M) 893.430ms
[87.811s][info][gc] GC(27) Pause Full (Ergonomics) 206M->206M(245M) 879.125ms
[88.744s][info][gc] GC(28) Pause Full (Ergonomics) 206M->206M(245M) 931.926ms
[89.633s][info][gc] GC(29) Pause Full (Ergonomics) 206M->206M(245M) 889.365ms
[90.537s][info][gc] GC(30) Pause Full (Ergonomics) 206M->206M(245M) 899.260ms
[91.862s][info][gc] GC(31) Pause Full (Ergonomics) 206M->206M(245M) 1324.603ms
[92.795s][info][gc] GC(32) Pause Full (Ergonomics) 206M->206M(245M) 932.052ms
[93.700s][info][gc] GC(33) Pause Full (Ergonomics) 206M->206M(245M) 904.680ms
[94.585s][info][gc] GC(34) Pause Full (Ergonomics) 206M->206M(245M) 884.246ms
[95.530s][info][gc] GC(35) Pause Full (Ergonomics) 206M->206M(245M) 944.823ms
[96.443s][info][gc] GC(36) Pause Full (Ergonomics) 206M->206M(245M) 911.947ms
[98.371s][info][gc] GC(37) Pause Full (Ergonomics) 206M->206M(245M) 1928.066ms
[99.320s][info][gc] GC(38) Pause Full (Ergonomics) 206M->206M(245M) 948.480ms
[100.206s][info][gc] GC(39) Pause Full (Ergonomics) 206M->206M(245M) 885.296ms
[101.103s][info][gc] GC(40) Pause Full (Ergonomics) 206M->206M(245M) 896.762ms
[102.002s][info][gc] GC(41) Pause Full (Ergonomics) 206M->206M(245M) 897.946ms
[104.681s][info][gc] GC(42) Pause Full (Ergonomics) 206M->206M(245M) 2679.376ms
[105.718s][info][gc] GC(43) Pause Full (Ergonomics) 206M->206M(245M) 1035.934ms
[106.756s][info][gc] GC(44) Pause Full (Ergonomics) 206M->206M(245M) 1037.744ms
[107.681s][info][gc] GC(45) Pause Full (Ergonomics) 206M->206M(245M) 924.218ms
[108.608s][info][gc] GC(46) Pause Full (Ergonomics) 206M->206M(245M) 926.415ms
[109.581s][info][gc] GC(47) Pause Full (Ergonomics) 206M->206M(245M) 972.133ms
[110.520s][info][gc] GC(48) Pause Full (Ergonomics) 206M->206M(245M) 939.522ms
[111.752s][info][gc] GC(49) Pause Full (Ergonomics) 206M->206M(245M) 931.546ms
[112.685s][info][gc] GC(50) Pause Full (Ergonomics) 206M->206M(245M) 932.073ms
[113.597s][info][gc] GC(51) Pause Full (Ergonomics) 206M->206M(245M) 911.464ms
[114.518s][info][gc] GC(52) Pause Full (Ergonomics) 206M->206M(245M) 920.031ms
[115.451s][info][gc] GC(53) Pause Full (Ergonomics) 206M->206M(245M) 932.788ms
[116.377s][info][gc] GC(54) Pause Full (Ergonomics) 206M->206M(245M) 926.253ms
[117.295s][info][gc] GC(55) Pause Full (Ergonomics) 206M->206M(245M) 916.916ms
[118.170s][info][gc] GC(56) Pause Full (Ergonomics) 206M->206M(245M) 874.918ms
[119.096s][info][gc] GC(57) Pause Full (Ergonomics) 206M->206M(245M) 926.060ms
[120.022s][info][gc] GC(58) Pause Full (Ergonomics) 206M->206M(245M) 925.717ms
[120.977s][info][gc] GC(59) Pause Full (Ergonomics) 206M->206M(245M) 954.731ms
[121.905s][info][gc] GC(60) Pause Full (Ergonomics) 206M->206M(245M) 926.878ms
[122.820s][info][gc] GC(61) Pause Full (Ergonomics) 206M->206M(245M) 915.270ms
[123.884s][info][gc] GC(62) Pause Full (Ergonomics) 206M->206M(245M) 1063.884ms
[124.966s][info][gc] GC(63) Pause Full (Ergonomics) 206M->206M(245M) 1081.520ms
[125.897s][info][gc] GC(64) Pause Full (Ergonomics) 206M->206M(245M) 930.446ms
[126.896s][info][gc] GC(65) Pause Full (Ergonomics) 206M->206M(245M) 998.735ms
[127.854s][info][gc] GC(66) Pause Full (Ergonomics) 206M->206M(245M) 957.282ms
[128.788s][info][gc] GC(67) Pause Full (Ergonomics) 206M->206M(245M) 934.194ms
[129.714s][info][gc] GC(68) Pause Full (Ergonomics) 206M->206M(245M) 925.294ms
[130.639s][info][gc] GC(69) Pause Full (Ergonomics) 206M->206M(245M) 924.482ms
[131.554s][info][gc] GC(70) Pause Full (Ergonomics) 206M->206M(245M) 914.809ms
[132.537s][info][gc] GC(71) Pause Full (Ergonomics) 206M->206M(245M) 981.772ms
[133.533s][info][gc] GC(72) Pause Full (Ergonomics) 206M->206M(245M) 995.712ms
[134.471s][info][gc] GC(73) Pause Full (Ergonomics) 206M->206M(245M) 937.553ms
[135.391s][info][gc] GC(74) Pause Full (Ergonomics) 206M->206M(245M) 919.065ms
[136.410s][info][gc] GC(75) Pause Full (Ergonomics) 206M->206M(245M) 1019.294ms
[137.376s][info][gc] GC(76) Pause Full (Ergonomics) 206M->206M(245M) 965.111ms
[138.336s][info][gc] GC(77) Pause Full (Ergonomics) 206M->206M(245M) 959.614ms
[139.287s][info][gc] GC(78) Pause Full (Ergonomics) 206M->206M(245M) 951.162ms
[140.219s][info][gc] GC(79) Pause Full (Ergonomics) 206M->206M(245M) 931.248ms
[141.142s][info][gc] GC(80) Pause Full (Ergonomics) 206M->206M(245M) 923.112ms
[142.248s][info][gc] GC(81) Pause Full (Ergonomics) 206M->206M(245M) 1105.729ms
[143.336s][info][gc] GC(82) Pause Full (Ergonomics) 206M->206M(245M) 1087.816ms
[144.414s][info][gc] GC(83) Pause Full (Ergonomics) 206M->206M(245M) 1077.388ms
[145.367s][info][gc] GC(84) Pause Full (Ergonomics) 206M->206M(245M) 952.829ms
[146.324s][info][gc] GC(85) Pause Full (Ergonomics) 206M->206M(245M) 956.378ms
[147.223s][info][gc] GC(86) Pause Full (Ergonomics) 206M->206M(245M) 898.782ms
[148.172s][info][gc] GC(87) Pause Full (Ergonomics) 206M->206M(245M) 948.802ms
[149.138s][info][gc] GC(88) Pause Full (Ergonomics) 206M->206M(245M) 965.345ms
[150.117s][info][gc] GC(89) Pause Full (Ergonomics) 206M->206M(245M) 978.346ms
[151.073s][info][gc] GC(90) Pause Full (Ergonomics) 206M->206M(245M) 956.216ms
[152.030s][info][gc] GC(91) Pause Full (Ergonomics) 206M->206M(245M) 956.641ms
[152.960s][info][gc] GC(92) Pause Full (Ergonomics) 206M->206M(245M) 929.514ms
[153.884s][info][gc] GC(93) Pause Full (Ergonomics) 206M->206M(245M) 924.155ms
[154.804s][info][gc] GC(94) Pause Full (Ergonomics) 206M->206M(245M) 919.431ms
[155.727s][info][gc] GC(95) Pause Full (Ergonomics) 206M->206M(245M) 922.176ms
[156.677s][info][gc] GC(96) Pause Full (Ergonomics) 206M->206M(245M) 949.302ms
[157.593s][info][gc] GC(97) Pause Full (Ergonomics) 206M->206M(245M) 914.496ms
[158.518s][info][gc] GC(98) Pause Full (Ergonomics) 206M->206M(245M) 924.808ms
[159.435s][info][gc] GC(99) Pause Full (Ergonomics) 206M->206M(245M) 916.958ms
[160.364s][info][gc] GC(100) Pause Full (Ergonomics) 206M->206M(245M) 928.579ms
